[
  {
    "html_url": "",
    "number": 2,
    "title": "2",
    "state": "open",
    "labels": [
      {
        "name": "\uD83D\uDCA1 idea"
      }
    ],
    "comments": 0,
    "reactions": {
      "total_count": 0
    }
  }
]
